// Jest Snapshot v1, https://goo.gl/fbAQLP

exports[`Testing <ImageList /> should match the snapshot 1`] = `
<div>
  <div
    class="MuiPaper-root MuiPaper-elevation MuiPaper-rounded MuiPaper-elevation1 MuiCard-root css-1oqv2c0-MuiPaper-root-MuiCard-root"
  >
    <img
      alt="A beautiful image"
      class="MuiCardMedia-root MuiCardMedia-media MuiCardMedia-img css-12qezwy-MuiCardMedia-root"
      height="194"
      loading="lazy"
      src="https://images.unsplash.com/photo-1634170380000-0b3b3b3b3b3b"
      width="200"
    />
    <div
      class="MuiCardContent-root css-147w5jl-MuiCardContent-root"
    >
      <div
        class="MuiBox-root css-syu8eu"
      >
        <svg
          aria-hidden="true"
          class="MuiSvgIcon-root MuiSvgIcon-colorPrimary MuiSvgIcon-fontSizeMedium css-ci5apu-MuiSvgIcon-root"
          data-testid="FavoriteIcon"
          focusable="false"
          viewBox="0 0 24 24"
        >
          <path
            d="m12 21.35-1.45-1.32C5.4 15.36 2 12.28 2 8.5 2 5.42 4.42 3 7.5 3c1.74 0 3.41.81 4.5 2.09C13.09 3.81 14.76 3 16.5 3 19.58 3 22 5.42 22 8.5c0 3.78-3.4 6.86-8.55 11.54z"
          />
        </svg>
        <p
          class="MuiTypography-root MuiTypography-body2 css-r40f8v-MuiTypography-root"
        >
          100
        </p>
      </div>
      <p
        class="MuiTypography-root MuiTypography-body2 capitalize-first-letter css-r40f8v-MuiTypography-root"
      >
        A beautiful image
      </p>
    </div>
  </div>
</div>
`;
