// Jest Snapshot v1, https://goo.gl/fbAQLP

exports[`Testing <App /> should match the snapshot when data is loaded 1`] = `
<div>
  <header
    class="MuiPaper-root MuiPaper-elevation MuiPaper-elevation4 MuiAppBar-root MuiAppBar-colorPrimary MuiAppBar-positionStatic css-k3sv75-MuiPaper-root-MuiAppBar-root"
  >
    <div
      class="MuiBox-root css-1o9f1gx"
    >
      <h6
        class="MuiTypography-root MuiTypography-h6 css-2ulfj5-MuiTypography-root"
      >
        Your audience content
      </h6>
      <div
        class="MuiFormControl-root css-pe0pe4-MuiFormControl-root"
      >
        <label
          class="MuiFormLabel-root MuiInputLabel-root MuiInputLabel-formControl MuiInputLabel-animated MuiInputLabel-shrink MuiInputLabel-sizeSmall MuiInputLabel-outlined MuiFormLabel-colorPrimary MuiFormLabel-filled MuiInputLabel-root MuiInputLabel-formControl MuiInputLabel-animated MuiInputLabel-shrink MuiInputLabel-sizeSmall MuiInputLabel-outlined css-1xcs70u-MuiFormLabel-root-MuiInputLabel-root"
          data-shrink="true"
          id="demo-simple-select-label"
        >
          View
        </label>
        <div
          class="MuiInputBase-root MuiOutlinedInput-root MuiInputBase-colorPrimary MuiInputBase-formControl MuiInputBase-sizeSmall  css-10o05uz-MuiInputBase-root-MuiOutlinedInput-root-MuiSelect-root"
        >
          <div
            aria-controls=":r0:"
            aria-expanded="false"
            aria-haspopup="listbox"
            aria-labelledby="demo-simple-select-label demo-simple-select"
            class="MuiSelect-select MuiSelect-outlined MuiInputBase-input MuiOutlinedInput-input MuiInputBase-inputSizeSmall css-jedpe8-MuiSelect-select-MuiInputBase-input-MuiOutlinedInput-input"
            id="demo-simple-select"
            role="combobox"
            tabindex="0"
          >
            List
          </div>
          <input
            aria-hidden="true"
            aria-invalid="false"
            class="MuiSelect-nativeInput css-yf8vq0-MuiSelect-nativeInput"
            tabindex="-1"
            value="LIST"
          />
          <svg
            aria-hidden="true"
            class="MuiSvgIcon-root MuiSvgIcon-fontSizeMedium MuiSelect-icon MuiSelect-iconOutlined css-hfutr2-MuiSvgIcon-root-MuiSelect-icon"
            data-testid="ArrowDropDownIcon"
            focusable="false"
            viewBox="0 0 24 24"
          >
            <path
              d="M7 10l5 5 5-5z"
            />
          </svg>
          <fieldset
            aria-hidden="true"
            class="MuiOutlinedInput-notchedOutline css-1d3z3hw-MuiOutlinedInput-notchedOutline"
          >
            <legend
              class="css-14lo706"
            >
              <span>
                View
              </span>
            </legend>
          </fieldset>
        </div>
      </div>
    </div>
  </header>
  <div
    class="MuiContainer-root MuiContainer-maxWidthMd css-bvfh9d-MuiContainer-root"
  >
    <div
      class="fade-in MuiBox-root css-1l0qm2u"
    />
  </div>
</div>
`;

exports[`Testing <App /> should match the snapshot when loading is true 1`] = `
<div>
  <div
    class="MuiContainer-root MuiContainer-maxWidthLg css-6350ea-MuiContainer-root"
  >
    <span
      class="MuiCircularProgress-root MuiCircularProgress-indeterminate MuiCircularProgress-colorPrimary css-18lrjg1-MuiCircularProgress-root"
      role="progressbar"
      style="width: 40px; height: 40px;"
    >
      <svg
        class="MuiCircularProgress-svg css-1idz92c-MuiCircularProgress-svg"
        viewBox="22 22 44 44"
      >
        <circle
          class="MuiCircularProgress-circle MuiCircularProgress-circleIndeterminate css-176wh8e-MuiCircularProgress-circle"
          cx="44"
          cy="44"
          fill="none"
          r="20.2"
          stroke-width="3.6"
        />
      </svg>
    </span>
  </div>
</div>
`;

exports[`Testing <App /> should match the snapshot when there is an error 1`] = `
<div>
  <div
    class="MuiContainer-root MuiContainer-maxWidthLg css-6350ea-MuiContainer-root"
  >
    <div
      class="MuiBox-root css-0"
    >
      <h6
        class="MuiTypography-root MuiTypography-h6 css-2ulfj5-MuiTypography-root"
      >
        No data available, please try again
      </h6>
      <button
        class="MuiButtonBase-root MuiButton-root MuiButton-contained MuiButton-containedPrimary MuiButton-sizeMedium MuiButton-containedSizeMedium MuiButton-colorPrimary MuiButton-root MuiButton-contained MuiButton-containedPrimary MuiButton-sizeMedium MuiButton-containedSizeMedium MuiButton-colorPrimary css-lll1vm-MuiButtonBase-root-MuiButton-root"
        tabindex="0"
        type="button"
      >
        Try again
        <span
          class="MuiTouchRipple-root css-8je8zh-MuiTouchRipple-root"
        />
      </button>
    </div>
  </div>
</div>
`;
