// Jest Snapshot v1, https://goo.gl/fbAQLP

exports[`Testing <ImageGrid /> should match the snapshot 1`] = `
<div>
  <ul
    class="MuiImageList-root MuiImageList-masonry css-1wj0pk1-MuiImageList-root"
    style="column-count: 3; column-gap: 4px;"
  >
    <li
      class="MuiImageListItem-root MuiImageListItem-masonry css-l086p4-MuiImageListItem-root"
      style="height: auto; margin-bottom: 4px; break-inside: avoid;"
    >
      <img
        alt="two brown short-coated dogs laying on bed"
        class="MuiImageListItem-img"
        loading="lazy"
        src="https://images.unsplash.com/photo-1550206574-42cfa61e2a9d?crop=entropy&cs=srgb&fm=jpg&ixid=M3w2NDA4MTd8MHwxfHNlYXJjaHwxfHxkb2dzfGVufDB8fHx8MTcyMzM2NzY1N3ww&ixlib=rb-4.0.3&q=85"
        srcset="https://images.unsplash.com/photo-1550206574-42cfa61e2a9d?crop=entropy&cs=srgb&fm=jpg&ixid=M3w2NDA4MTd8MHwxfHNlYXJjaHwxfHxkb2dzfGVufDB8fHx8MTcyMzM2NzY1N3ww&ixlib=rb-4.0.3&q=85 2x"
      />
    </li>
    <li
      class="MuiImageListItem-root MuiImageListItem-masonry css-l086p4-MuiImageListItem-root"
      style="height: auto; margin-bottom: 4px; break-inside: avoid;"
    >
      <img
        alt="two brown short-coated dogs laying on bed"
        class="MuiImageListItem-img"
        loading="lazy"
        src="https://images.unsplash.com/photo-1550206574-42cfa61e2a9d?crop=entropy&cs=srgb&fm=jpg&ixid=M3w2NDA4MTd8MHwxfHNlYXJjaHwxfHxkb2dzfGVufDB8fHx8MTcyMzM2NzY1N3ww&ixlib=rb-4.0.3&q=85"
        srcset="https://images.unsplash.com/photo-1550206574-42cfa61e2a9d?crop=entropy&cs=srgb&fm=jpg&ixid=M3w2NDA4MTd8MHwxfHNlYXJjaHwxfHxkb2dzfGVufDB8fHx8MTcyMzM2NzY1N3ww&ixlib=rb-4.0.3&q=85 2x"
      />
    </li>
    <li
      class="MuiImageListItem-root MuiImageListItem-masonry css-l086p4-MuiImageListItem-root"
      style="height: auto; margin-bottom: 4px; break-inside: avoid;"
    >
      <img
        alt="two brown short-coated dogs laying on bed"
        class="MuiImageListItem-img"
        loading="lazy"
        src="https://images.unsplash.com/photo-1550206574-42cfa61e2a9d?crop=entropy&cs=srgb&fm=jpg&ixid=M3w2NDA4MTd8MHwxfHNlYXJjaHwxfHxkb2dzfGVufDB8fHx8MTcyMzM2NzY1N3ww&ixlib=rb-4.0.3&q=85"
        srcset="https://images.unsplash.com/photo-1550206574-42cfa61e2a9d?crop=entropy&cs=srgb&fm=jpg&ixid=M3w2NDA4MTd8MHwxfHNlYXJjaHwxfHxkb2dzfGVufDB8fHx8MTcyMzM2NzY1N3ww&ixlib=rb-4.0.3&q=85 2x"
      />
    </li>
    <li
      class="MuiImageListItem-root MuiImageListItem-masonry css-l086p4-MuiImageListItem-root"
      style="height: auto; margin-bottom: 4px; break-inside: avoid;"
    >
      <img
        alt="two brown short-coated dogs laying on bed"
        class="MuiImageListItem-img"
        loading="lazy"
        src="https://images.unsplash.com/photo-1550206574-42cfa61e2a9d?crop=entropy&cs=srgb&fm=jpg&ixid=M3w2NDA4MTd8MHwxfHNlYXJjaHwxfHxkb2dzfGVufDB8fHx8MTcyMzM2NzY1N3ww&ixlib=rb-4.0.3&q=85"
        srcset="https://images.unsplash.com/photo-1550206574-42cfa61e2a9d?crop=entropy&cs=srgb&fm=jpg&ixid=M3w2NDA4MTd8MHwxfHNlYXJjaHwxfHxkb2dzfGVufDB8fHx8MTcyMzM2NzY1N3ww&ixlib=rb-4.0.3&q=85 2x"
      />
    </li>
    <li
      class="MuiImageListItem-root MuiImageListItem-masonry css-l086p4-MuiImageListItem-root"
      style="height: auto; margin-bottom: 4px; break-inside: avoid;"
    >
      <img
        alt="two brown short-coated dogs laying on bed"
        class="MuiImageListItem-img"
        loading="lazy"
        src="https://images.unsplash.com/photo-1550206574-42cfa61e2a9d?crop=entropy&cs=srgb&fm=jpg&ixid=M3w2NDA4MTd8MHwxfHNlYXJjaHwxfHxkb2dzfGVufDB8fHx8MTcyMzM2NzY1N3ww&ixlib=rb-4.0.3&q=85"
        srcset="https://images.unsplash.com/photo-1550206574-42cfa61e2a9d?crop=entropy&cs=srgb&fm=jpg&ixid=M3w2NDA4MTd8MHwxfHNlYXJjaHwxfHxkb2dzfGVufDB8fHx8MTcyMzM2NzY1N3ww&ixlib=rb-4.0.3&q=85 2x"
      />
    </li>
  </ul>
</div>
`;
